projects/amazon-trend-analyzer/qb_chunks/page_145_skip145000.csv
ASIN Buyability Flag,asin_status,CVR%,revenue,asp,units,gv,Images #,Videos #,Has A+ Content,Buybox Winner,Average Rating,Number of Ratings,bb_price,Ad CTR%,Ad CVR%,bsr,brand,Ad CPC$,ASIN (Description),Update Type,Sold By Amazon,Has Coupon?,Has Store Link?,In Stock Today?,category,Sellable On Hand Units,asin,date,Ad Cost,Ad Sales,Ad Clicks,Ad Impressions,Ad Conversions
In Stock,ACTIVE,0.481,754.0,8.57,88.0,183.0,5.0,0.0,True,,4.2,1919.0,8.57,,,23.0,Arm & Hammer,,"B08FBK6NBW (Arm & Hammer Sm. Male Wraps-12"" -19"" Waist - 12 Pack)",[],True,True,True,True,Waste Management,4328.0,B08FBK6NBW,2026-04-24,,,,,
In Stock,ACTIVE,0.325,583.0,8.57,68.0,209.0,5.0,0.0,True,,4.2,1920.0,8.57,,,24.0,Arm & Hammer,,"B08FBK6NBW (Arm & Hammer Sm. Male Wraps-12"" -19"" Waist - 12 Pack)",[],True,True,True,True,Waste Management,4261.0,B08FBK6NBW,2026-04-23,,,,,
In Stock,ACTIVE,0.325,574.0,8.57,67.0,206.0,5.0,0.0,True,,4.2,1919.0,8.57,,,25.0,Arm & Hammer,,"B08FBK6NBW (Arm & Hammer Sm. Male Wraps-12"" -19"" Waist - 12 Pack)",[],True,True,True,True,Waste Management,3942.0,B08FBK6NBW,2026-04-22,,,,,
In Stock,ACTIVE,0.3779999999999999,703.0,8.57,82.0,217.0,5.0,0.0,True,,4.2,1919.0,8.57,,,25.0,Arm & Hammer,,"B08FBK6NBW (Arm & Hammer Sm. Male Wraps-12"" -19"" Waist - 12 Pack)",[],True,True,True,True,Waste Management,4170.0,B08FBK6NBW,2026-04-21,,,,,
In Stock,ACTIVE,0.311,566.0,8.57,66.0,212.0,5.0,0.0,True,,4.2,1919.0,8.57,,,25.0,Arm & Hammer,,"B08FBK6NBW (Arm & Hammer Sm. Male Wraps-12"" -19"" Waist - 12 Pack)",[],True,True,True,True,Waste Management,4003.0,B08FBK6NBW,2026-04-20,,,,,
In Stock,ACTIVE,0.351,501.0,8.5,59.0,168.0,5.0,0.0,True,,4.2,1919.0,8.57,,,24.0,Arm & Hammer,,"B08FBK6NBW (Arm & Hammer Sm. Male Wraps-12"" -19"" Waist - 12 Pack)",[],True,True,True,True,Waste Management,4052.0,B08FBK6NBW,2026-04-19,,,,,
In Stock,ACTIVE,0.424,617.0,8.57,72.0,170.0,5.0,0.0,True,,4.2,1919.0,8.57,,,25.0,Arm & Hammer,,"B08FBK6NBW (Arm & Hammer Sm. Male Wraps-12"" -19"" Waist - 12 Pack)",[],True,True,True,True,Waste Management,4130.0,B08FBK6NBW,2026-04-18,,,,,
In Stock,ACTIVE,0.319,454.0,8.57,53.0,166.0,5.0,0.0,True,,4.2,1919.0,8.57,,,25.0,Arm & Hammer,,"B08FBK6NBW (Arm & Hammer Sm. Male Wraps-12"" -19"" Waist - 12 Pack)",[],True,True,True,True,Waste Management,4193.0,B08FBK6NBW,2026-04-17,,,,,
In Stock,ACTIVE,0.376,657.0,8.54,77.0,205.0,5.0,0.0,True,,4.2,1919.0,8.57,,,25.0,Arm & Hammer,,"B08FBK6NBW (Arm & Hammer Sm. Male Wraps-12"" -19"" Waist - 12 Pack)",[],True,True,True,True,Waste Management,4244.0,B08FBK6NBW,2026-04-16,,,,,
In Stock,ACTIVE,0.302,446.0,8.57,52.0,172.0,5.0,0.0,True,,4.2,1919.0,8.57,,,25.0,Arm & Hammer,,"B08FBK6NBW (Arm & Hammer Sm. Male Wraps-12"" -19"" Waist - 12 Pack)",[],True,True,True,True,Waste Management,4218.0,B08FBK6NBW,2026-04-15,,,,,
In Stock,ACTIVE,0.324,471.0,8.55,55.0,170.0,5.0,0.0,True,,4.2,1918.0,8.57,,,25.0,Arm & Hammer,,"B08FBK6NBW (Arm & Hammer Sm. Male Wraps-12"" -19"" Waist - 12 Pack)",[],True,True,True,True,Waste Management,4228.0,B08FBK6NBW,2026-04-14,,,,,
In Stock,ACTIVE,0.243,428.0,8.57,50.0,206.0,5.0,0.0,True,,4.2,1918.0,8.57,,,22.0,Arm & Hammer,,"B08FBK6NBW (Arm & Hammer Sm. Male Wraps-12"" -19"" Waist - 12 Pack)",[],True,True,True,True,Waste Management,4061.0,B08FBK6NBW,2026-04-13,,,,,
In Stock,ACTIVE,0.217,437.0,8.57,51.0,235.0,5.0,0.0,True,,4.2,1918.0,8.57,,,21.0,Arm & Hammer,,"B08FBK6NBW (Arm & Hammer Sm. Male Wraps-12"" -19"" Waist - 12 Pack)",[],True,True,True,True,Waste Management,4054.0,B08FBK6NBW,2026-04-12,,,,,
In Stock,ACTIVE,0.212,514.0,8.57,60.0,283.0,5.0,0.0,True,,4.2,1918.0,8.57,,,24.0,Arm & Hammer,,"B08FBK6NBW (Arm & Hammer Sm. Male Wraps-12"" -19"" Waist - 12 Pack)",[],True,True,True,True,Waste Management,0.0,B08FBK6NBW,2026-04-11,,,,,
In Stock,ACTIVE,0.299,694.0,8.57,81.0,271.0,5.0,0.0,True,,4.2,1918.0,8.57,,,23.0,Arm & Hammer,,"B08FBK6NBW (Arm & Hammer Sm. Male Wraps-12"" -19"" Waist - 12 Pack)",[],True,True,True,True,Waste Management,4048.0,B08FBK6NBW,2026-04-10,,,,,
In Stock,ACTIVE,0.269,662.0,8.59,77.0,286.0,5.0,0.0,True,,4.2,1918.0,8.57,,,24.0,Arm & Hammer,,"B08FBK6NBW (Arm & Hammer Sm. Male Wraps-12"" -19"" Waist - 12 Pack)",[],True,True,True,True,Waste Management,4106.0,B08FBK6NBW,2026-04-09,,,,,
In Stock,ACTIVE,0.272,625.0,8.56,73.0,268.0,5.0,0.0,True,,4.2,1919.0,8.57,,,23.0,Arm & Hammer,,"B08FBK6NBW (Arm & Hammer Sm. Male Wraps-12"" -19"" Waist - 12 Pack)",[],True,True,True,True,Waste Management,4183.0,B08FBK6NBW,2026-04-08,,,,,
In Stock,ACTIVE,0.207,531.0,8.57,62.0,299.0,5.0,0.0,True,,4.2,1919.0,8.57,,,24.0,Arm & Hammer,,"B08FBK6NBW (Arm & Hammer Sm. Male Wraps-12"" -19"" Waist - 12 Pack)",[],True,True,True,True,Waste Management,4251.0,B08FBK6NBW,2026-04-07,,,,,
In Stock,ACTIVE,0.206,463.0,8.57,54.0,262.0,5.0,0.0,True,,4.2,1919.0,8.57,,,23.0,Arm & Hammer,,"B08FBK6NBW (Arm & Hammer Sm. Male Wraps-12"" -19"" Waist - 12 Pack)",[],True,True,True,True,Waste Management,4322.0,B08FBK6NBW,2026-04-06,,,,,
In Stock,ACTIVE,0.219,470.0,8.54,55.0,251.0,5.0,0.0,True,,4.2,1919.0,8.57,,,23.0,Arm & Hammer,,"B08FBK6NBW (Arm & Hammer Sm. Male Wraps-12"" -19"" Waist - 12 Pack)",[],True,True,True,True,Waste Management,4311.0,B08FBK6NBW,2026-04-05,,,,,
In Stock,ACTIVE,0.224,522.0,8.56,61.0,272.0,5.0,0.0,True,,4.2,1919.0,8.57,,,24.0,Arm & Hammer,,"B08FBK6NBW (Arm & Hammer Sm. Male Wraps-12"" -19"" Waist - 12 Pack)",[],True,True,True,True,Waste Management,4362.0,B08FBK6NBW,2026-04-04,,,,,
In Stock,ACTIVE,0.284,514.0,8.57,60.0,211.0,5.0,0.0,True,,4.2,1919.0,8.57,,,23.0,Arm & Hammer,,"B08FBK6NBW (Arm & Hammer Sm. Male Wraps-12"" -19"" Waist - 12 Pack)",[],True,True,True,True,Waste Management,4325.0,B08FBK6NBW,2026-04-03,,,,,
In Stock,ACTIVE,0.279,625.0,8.56,73.0,262.0,5.0,0.0,True,,4.2,1919.0,8.57,,,23.0,Arm & Hammer,,"B08FBK6NBW (Arm & Hammer Sm. Male Wraps-12"" -19"" Waist - 12 Pack)",[],True,True,True,True,Waste Management,4361.0,B08FBK6NBW,2026-04-02,,,,,
In Stock,ACTIVE,0.298,600.0,8.57,70.0,235.0,5.0,0.0,True,,4.2,1919.0,8.57,,,28.0,Arm & Hammer,,"B08FBK6NBW (Arm & Hammer Sm. Male Wraps-12"" -19"" Waist - 12 Pack)",[],True,True,True,True,Waste Management,4391.0,B08FBK6NBW,2026-04-01,,,,,
In Stock,ACTIVE,0.293,580.0,8.52,68.0,232.0,5.0,0.0,True,,4.2,1919.0,8.57,,,28.0,Arm & Hammer,,"B08FBK6NBW (Arm & Hammer Sm. Male Wraps-12"" -19"" Waist - 12 Pack)",[],True,True,True,True,Waste Management,4297.0,B08FBK6NBW,2026-03-31,,,,,
In Stock,ACTIVE,0.207,360.0,8.57,42.0,203.0,5.0,0.0,True,,4.2,1919.0,8.57,,,28.0,Arm & Hammer,,"B08FBK6NBW (Arm & Hammer Sm. Male Wraps-12"" -19"" Waist - 12 Pack)",[],True,True,True,True,Waste Management,4383.0,B08FBK6NBW,2026-03-30,,,,,
In Stock,ACTIVE,0.339,707.0,8.41,84.0,248.0,5.0,0.0,True,,4.2,1919.0,8.57,,,29.0,Arm & Hammer,,"B08FBK6NBW (Arm & Hammer Sm. Male Wraps-12"" -19"" Waist - 12 Pack)",[],True,True,True,True,Waste Management,4353.0,B08FBK6NBW,2026-03-29,,,,,
In Stock,ACTIVE,0.282,608.0,8.57,71.0,252.0,5.0,0.0,True,,4.2,1919.0,8.57,,,28.0,Arm & Hammer,,"B08FBK6NBW (Arm & Hammer Sm. Male Wraps-12"" -19"" Waist - 12 Pack)",[],True,True,True,True,Waste Management,4265.0,B08FBK6NBW,2026-03-28,,,,,
In Stock,ACTIVE,0.288,518.0,8.49,61.0,212.0,5.0,0.0,True,,4.2,1919.0,8.57,,,32.0,Arm & Hammer,,"B08FBK6NBW (Arm & Hammer Sm. Male Wraps-12"" -19"" Waist - 12 Pack)",[],True,True,True,True,Waste Management,4322.0,B08FBK6NBW,2026-03-27,,,,,
In Stock,ACTIVE,0.323,510.0,8.49,60.0,186.0,5.0,0.0,True,,4.2,1918.0,8.74,,,26.0,Arm & Hammer,,"B08FBK6NBW (Arm & Hammer Sm. Male Wraps-12"" -19"" Waist - 12 Pack)",[],True,False,True,True,Waste Management,4311.0,B08FBK6NBW,2026-03-26,,,,,
In Stock,ACTIVE,0.228,395.0,10.13,39.0,171.0,5.0,0.0,True,,4.2,1918.0,10.13,,,27.0,Arm & Hammer,,"B08FBK6NBW (Arm & Hammer Sm. Male Wraps-12"" -19"" Waist - 12 Pack)",[],True,True,True,True,Waste Management,4147.0,B08FBK6NBW,2026-03-25,,,,,
In Stock,ACTIVE,0.315,538.0,10.16,53.0,168.0,5.0,0.0,True,,4.2,1918.0,8.73,,,29.0,Arm & Hammer,,"B08FBK6NBW (Arm & Hammer Sm. Male Wraps-12"" -19"" Waist - 12 Pack)",[],True,False,True,True,Waste Management,4208.0,B08FBK6NBW,2026-03-24,,,,,
In Stock,ACTIVE,0.348,560.0,10.17,55.0,158.0,5.0,0.0,True,,4.2,1918.0,10.13,,,27.0,Arm & Hammer,,"B08FBK6NBW (Arm & Hammer Sm. Male Wraps-12"" -19"" Waist - 12 Pack)",[],True,True,True,True,Waste Management,4025.0,B08FBK6NBW,2026-03-23,,,,,
In Stock,ACTIVE,0.24,428.0,10.18,42.0,175.0,5.0,0.0,True,,4.2,1918.0,10.13,,,27.0,Arm & Hammer,,"B08FBK6NBW (Arm & Hammer Sm. Male Wraps-12"" -19"" Waist - 12 Pack)",[],True,True,True,True,Waste Management,4027.0,B08FBK6NBW,2026-03-22,,,,,
In Stock,ACTIVE,0.257,466.0,10.13,46.0,179.0,5.0,0.0,True,,4.2,1918.0,10.13,,,26.0,Arm & Hammer,,"B08FBK6NBW (Arm & Hammer Sm. Male Wraps-12"" -19"" Waist - 12 Pack)",[],True,True,True,True,Waste Management,4029.0,B08FBK6NBW,2026-03-21,,,,,
In Stock,ACTIVE,0.303,572.0,10.21,56.0,185.0,5.0,0.0,True,,4.2,1918.0,10.13,,,26.0,Arm & Hammer,,"B08FBK6NBW (Arm & Hammer Sm. Male Wraps-12"" -19"" Waist - 12 Pack)",[],True,True,True,True,Waste Management,4386.0,B08FBK6NBW,2026-03-20,,,,,
In Stock,ACTIVE,0.333,559.0,10.17,55.0,165.0,5.0,0.0,True,,4.2,1918.0,10.13,,,25.0,Arm & Hammer,,"B08FBK6NBW (Arm & Hammer Sm. Male Wraps-12"" -19"" Waist - 12 Pack)",[],True,True,True,True,Waste Management,4011.0,B08FBK6NBW,2026-03-19,,,,,
In Stock,ACTIVE,0.287,584.0,10.08,58.0,202.0,5.0,0.0,True,,4.2,1918.0,10.13,,,25.0,Arm & Hammer,,"B08FBK6NBW (Arm & Hammer Sm. Male Wraps-12"" -19"" Waist - 12 Pack)",[],True,True,True,True,Waste Management,4492.0,B08FBK6NBW,2026-03-18,,,,,
In Stock,ACTIVE,0.293,679.0,9.99,68.0,232.0,5.0,0.0,True,,4.2,1919.0,10.13,,,25.0,Arm & Hammer,,"B08FBK6NBW (Arm & Hammer Sm. Male Wraps-12"" -19"" Waist - 12 Pack)",[],True,True,True,True,Waste Management,4128.0,B08FBK6NBW,2026-03-17,,,,,
In Stock,ACTIVE,0.178,365.0,9.85,37.0,208.0,5.0,0.0,True,,4.2,1919.0,10.13,,,25.0,Arm & Hammer,,"B08FBK6NBW (Arm & Hammer Sm. Male Wraps-12"" -19"" Waist - 12 Pack)",[],True,True,True,True,Waste Management,4176.0,B08FBK6NBW,2026-03-16,,,,,
In Stock,ACTIVE,0.237,570.0,9.83,58.0,245.0,5.0,0.0,True,,4.2,1919.0,10.13,,,24.0,Arm & Hammer,,"B08FBK6NBW (Arm & Hammer Sm. Male Wraps-12"" -19"" Waist - 12 Pack)",[],True,True,True,True,Waste Management,4217.0,B08FBK6NBW,2026-03-15,,,,,
In Stock,ACTIVE,0.321,598.0,9.8,61.0,190.0,5.0,0.0,True,,4.2,1918.0,10.13,,,24.0,Arm & Hammer,,"B08FBK6NBW (Arm & Hammer Sm. Male Wraps-12"" -19"" Waist - 12 Pack)",[],True,True,True,True,Waste Management,4259.0,B08FBK6NBW,2026-03-14,,,,,
In Stock,ACTIVE,0.339,639.0,9.98,64.0,189.0,5.0,0.0,True,,4.2,1918.0,10.13,,,24.0,Arm & Hammer,,"B08FBK6NBW (Arm & Hammer Sm. Male Wraps-12"" -19"" Waist - 12 Pack)",[],True,True,True,True,Waste Management,4285.0,B08FBK6NBW,2026-03-13,,,,,
In Stock,ACTIVE,0.214,496.0,10.13,49.0,229.0,5.0,0.0,True,,4.2,1918.0,10.13,,,24.0,Arm & Hammer,,"B08FBK6NBW (Arm & Hammer Sm. Male Wraps-12"" -19"" Waist - 12 Pack)",[],True,True,True,True,Waste Management,4322.0,B08FBK6NBW,2026-03-12,,,,,
In Stock,ACTIVE,0.245,609.0,9.52,64.0,261.0,5.0,0.0,True,,4.2,1918.0,8.57,,,24.0,Arm & Hammer,,"B08FBK6NBW (Arm & Hammer Sm. Male Wraps-12"" -19"" Waist - 12 Pack)",[],True,True,True,True,Waste Management,4367.0,B08FBK6NBW,2026-03-11,,,,,
In Stock,ACTIVE,0.203,514.0,8.57,60.0,295.0,5.0,0.0,True,,4.2,1918.0,8.57,,,25.0,Arm & Hammer,,"B08FBK6NBW (Arm & Hammer Sm. Male Wraps-12"" -19"" Waist - 12 Pack)",[],True,True,True,True,Waste Management,4434.0,B08FBK6NBW,2026-03-10,,,,,
In Stock,ACTIVE,0.27,659.0,8.56,77.0,285.0,5.0,0.0,True,,4.2,1918.0,8.57,,,24.0,Arm & Hammer,,"B08FBK6NBW (Arm & Hammer Sm. Male Wraps-12"" -19"" Waist - 12 Pack)",[],True,True,True,True,Waste Management,4483.0,B08FBK6NBW,2026-03-09,,,,,
In Stock,ACTIVE,0.238,574.0,8.57,67.0,282.0,5.0,0.0,True,,4.2,1918.0,8.57,,,24.0,Arm & Hammer,,"B08FBK6NBW (Arm & Hammer Sm. Male Wraps-12"" -19"" Waist - 12 Pack)",[],True,True,True,True,Waste Management,4523.0,B08FBK6NBW,2026-03-08,,,,,
In Stock,ACTIVE,0.25,592.0,8.58,69.0,276.0,5.0,0.0,True,,4.2,1918.0,8.57,,,24.0,Arm & Hammer,,"B08FBK6NBW (Arm & Hammer Sm. Male Wraps-12"" -19"" Waist - 12 Pack)",[],True,True,True,True,Waste Management,4595.0,B08FBK6NBW,2026-03-07,,,,,
In Stock,ACTIVE,0.195,488.0,8.56,57.0,293.0,5.0,0.0,True,,4.2,1918.0,8.57,,,25.0,Arm & Hammer,,"B08FBK6NBW (Arm & Hammer Sm. Male Wraps-12"" -19"" Waist - 12 Pack)",[],True,True,True,True,Waste Management,4571.0,B08FBK6NBW,2026-03-06,,,,,
In Stock,ACTIVE,0.348,668.0,8.57,78.0,224.0,5.0,0.0,True,,4.2,1918.0,8.57,,,26.0,Arm & Hammer,,"B08FBK6NBW (Arm & Hammer Sm. Male Wraps-12"" -19"" Waist - 12 Pack)",[],True,True,True,True,Waste Management,4871.0,B08FBK6NBW,2026-03-05,,,,,
In Stock,ACTIVE,0.258,548.0,8.57,64.0,248.0,5.0,0.0,True,,4.2,1918.0,8.57,,,25.0,Arm & Hammer,,"B08FBK6NBW (Arm & Hammer Sm. Male Wraps-12"" -19"" Waist - 12 Pack)",[],True,True,True,True,Waste Management,4638.0,B08FBK6NBW,2026-03-04,,,,,
In Stock,ACTIVE,0.215,488.0,8.57,57.0,265.0,5.0,0.0,True,,4.2,1909.0,8.57,,,25.0,Arm & Hammer,,"B08FBK6NBW (Arm & Hammer Sm. Male Wraps-12"" -19"" Waist - 12 Pack)",[],True,True,True,True,Waste Management,4722.0,B08FBK6NBW,2026-03-03,,,,,
In Stock,ACTIVE,0.31,557.0,8.57,65.0,210.0,5.0,0.0,True,,4.2,1908.0,8.57,,,25.0,Arm & Hammer,,"B08FBK6NBW (Arm & Hammer Sm. Male Wraps-12"" -19"" Waist - 12 Pack)",[],True,True,True,True,Waste Management,4774.0,B08FBK6NBW,2026-03-02,,,,,
In Stock,ACTIVE,0.207,463.0,8.57,54.0,261.0,5.0,0.0,True,,4.2,1908.0,8.57,,,25.0,Arm & Hammer,,"B08FBK6NBW (Arm & Hammer Sm. Male Wraps-12"" -19"" Waist - 12 Pack)",[],True,True,True,True,Waste Management,4828.0,B08FBK6NBW,2026-03-01,,,,,
In Stock,ACTIVE,0.214,491.0,8.61,57.0,266.0,5.0,0.0,True,,4.2,1906.0,8.57,,,24.0,Arm & Hammer,,"B08FBK6NBW (Arm & Hammer Sm. Male Wraps-12"" -19"" Waist - 12 Pack)",[],True,True,True,True,Waste Management,4872.0,B08FBK6NBW,2026-02-28,,,,,
In Stock,ACTIVE,0.296,608.0,8.57,71.0,240.0,5.0,0.0,True,,4.2,1906.0,8.57,,,22.0,Arm & Hammer,,"B08FBK6NBW (Arm & Hammer Sm. Male Wraps-12"" -19"" Waist - 12 Pack)",[],True,True,True,True,Waste Management,5003.0,B08FBK6NBW,2026-02-27,,,,,
In Stock,ACTIVE,0.283,548.0,8.57,64.0,226.0,5.0,0.0,True,,4.2,1905.0,8.57,,,23.0,Arm & Hammer,,"B08FBK6NBW (Arm & Hammer Sm. Male Wraps-12"" -19"" Waist - 12 Pack)",[],True,True,True,True,Waste Management,5058.0,B08FBK6NBW,2026-02-26,,,,,
In Stock,ACTIVE,0.273,557.0,8.57,65.0,238.0,5.0,0.0,True,,4.2,1905.0,8.57,,,23.0,Arm & Hammer,,"B08FBK6NBW (Arm & Hammer Sm. Male Wraps-12"" -19"" Waist - 12 Pack)",[],True,True,True,True,Waste Management,5131.0,B08FBK6NBW,2026-02-25,,,,,
In Stock,ACTIVE,0.221,453.0,8.55,53.0,240.0,5.0,0.0,True,,4.2,1914.0,8.57,,,23.0,Arm & Hammer,,"B08FBK6NBW (Arm & Hammer Sm. Male Wraps-12"" -19"" Waist - 12 Pack)",[],True,True,True,True,Waste Management,5220.0,B08FBK6NBW,2026-02-24,,,,,
In Stock,ACTIVE,0.298,574.0,8.57,67.0,225.0,5.0,0.0,True,,4.2,1915.0,8.57,,,23.0,Arm & Hammer,,"B08FBK6NBW (Arm & Hammer Sm. Male Wraps-12"" -19"" Waist - 12 Pack)",[],True,True,True,True,Waste Management,5195.0,B08FBK6NBW,2026-02-23,,,,,
In Stock,ACTIVE,0.303,548.0,8.57,64.0,211.0,5.0,0.0,True,,4.2,1915.0,8.57,,,23.0,Arm & Hammer,,"B08FBK6NBW (Arm & Hammer Sm. Male Wraps-12"" -19"" Waist - 12 Pack)",[],True,True,True,True,Waste Management,5166.0,B08FBK6NBW,2026-02-22,,,,,
In Stock,ACTIVE,0.5,872.0,8.55,102.0,204.0,5.0,0.0,True,,4.2,1914.0,8.57,,,23.0,Arm & Hammer,,"B08FBK6NBW (Arm & Hammer Sm. Male Wraps-12"" -19"" Waist - 12 Pack)",[],True,True,True,True,Waste Management,5215.0,B08FBK6NBW,2026-02-21,,,,,
In Stock,ACTIVE,0.303,615.0,8.55,72.0,238.0,5.0,0.0,True,,4.2,1912.0,8.57,,,23.0,Arm & Hammer,,"B08FBK6NBW (Arm & Hammer Sm. Male Wraps-12"" -19"" Waist - 12 Pack)",[],True,True,True,True,Waste Management,5217.0,B08FBK6NBW,2026-02-20,,,,,
In Stock,ACTIVE,0.307,609.0,8.58,71.0,231.0,5.0,0.0,True,,4.2,1912.0,8.57,,,22.0,Arm & Hammer,,"B08FBK6NBW (Arm & Hammer Sm. Male Wraps-12"" -19"" Waist - 12 Pack)",[],True,True,True,True,Waste Management,5258.0,B08FBK6NBW,2026-02-19,,,,,
In Stock,ACTIVE,0.312,615.0,8.54,72.0,231.0,5.0,0.0,True,,4.2,1912.0,8.57,,,23.0,Arm & Hammer,,"B08FBK6NBW (Arm & Hammer Sm. Male Wraps-12"" -19"" Waist - 12 Pack)",[],True,True,True,True,Waste Management,5248.0,B08FBK6NBW,2026-02-18,,,,,
In Stock,ACTIVE,0.319,566.0,8.58,66.0,207.0,5.0,0.0,True,,4.2,1912.0,8.57,,,23.0,Arm & Hammer,,"B08FBK6NBW (Arm & Hammer Sm. Male Wraps-12"" -19"" Waist - 12 Pack)",[],True,True,True,True,Waste Management,5323.0,B08FBK6NBW,2026-02-17,,,,,
In Stock,ACTIVE,0.404,771.0,8.56,90.0,223.0,5.0,0.0,True,,4.2,1912.0,8.57,,,23.0,Arm & Hammer,,"B08FBK6NBW (Arm & Hammer Sm. Male Wraps-12"" -19"" Waist - 12 Pack)",[],True,True,True,True,Waste Management,5372.0,B08FBK6NBW,2026-02-16,,,,,
In Stock,ACTIVE,0.335,667.0,8.56,78.0,233.0,5.0,0.0,True,,4.2,1912.0,8.57,,,26.0,Arm & Hammer,,"B08FBK6NBW (Arm & Hammer Sm. Male Wraps-12"" -19"" Waist - 12 Pack)",[],True,True,True,True,Waste Management,5504.0,B08FBK6NBW,2026-02-15,,,,,
In Stock,ACTIVE,0.399,621.0,8.51,73.0,183.0,5.0,0.0,True,,4.2,1911.0,8.57,,,24.0,Arm & Hammer,,"B08FBK6NBW (Arm & Hammer Sm. Male Wraps-12"" -19"" Waist - 12 Pack)",[],True,True,True,True,Waste Management,5792.0,B08FBK6NBW,2026-02-14,,,,,
In Stock,ACTIVE,0.383,505.0,8.86,57.0,149.0,5.0,0.0,True,,4.2,1912.0,12.13,,,23.0,Arm & Hammer,,"B08FBK6NBW (Arm & Hammer Sm. Male Wraps-12"" -19"" Waist - 12 Pack)",[],True,True,True,True,Waste Management,5531.0,B08FBK6NBW,2026-02-13,,,,,
In Stock,ACTIVE,0.287,444.0,12.0,37.0,129.0,5.0,0.0,True,,4.2,1912.0,12.13,,,23.0,Arm & Hammer,,"B08FBK6NBW (Arm & Hammer Sm. Male Wraps-12"" -19"" Waist - 12 Pack)",[],True,True,True,True,Waste Management,5434.0,B08FBK6NBW,2026-02-12,,,,,
In Stock,ACTIVE,0.24,508.0,11.81,43.0,179.0,5.0,0.0,True,,4.2,1911.0,12.13,,,23.0,Arm & Hammer,,"B08FBK6NBW (Arm & Hammer Sm. Male Wraps-12"" -19"" Waist - 12 Pack)",[],True,True,True,True,Waste Management,5284.0,B08FBK6NBW,2026-02-11,,,,,
